// Jest Snapshot v1, https://goo.gl/fbAQLP

exports[`AmericanArtists.vue matches snapshot 1`] = `
<div class="artists">
  <americanartists-stub msg="American Artists"></americanartists-stub>
</div>
`;
