// Jest Snapshot v1, https://goo.gl/fbAQLP

exports[`Main.js matches snapshot 1`] = ``;
