// Jest Snapshot v1, https://goo.gl/fbAQLP

exports[`Router.js matches snapshot 1`] = ``;
