// Jest Snapshot v1, https://goo.gl/fbAQLP

exports[`Welcome.vue should match the snapshot 1`] = `
<div class="hello">
  <h1></h1>
</div>
`;
